components/Skeleton.tsx(19,9): error TS2367: This comparison appears to be unintentional because the types 'boolean' and 'string' have no overlap.
components/views/AmazonEasyShipView.tsx(461,40): error TS2339: Property 'highlight' does not exist on type '{ "tracking-id": any; } & { asin: any; } & { "product-name": any; } & { qty: any; } & { "pickup-slot": any; } & { "tracking-id": any; asin: any; qty: any; "product-name": any; "pickup-slot": any; } & { "tracking-id": any; } & { ...; } & { ...; } & { ...; } & { ...; }'.
components/views/AmazonPackingPlanView.tsx(1119,115): error TS2339: Property 'MRP' does not exist on type '{ ASIN: any; } & { Qty: any; } & { Name: any; } & { "Net Weight": any; } & { "M.R.P": any; } & { "Packet Size": any; } & { "Packet used": any; } & { FNSKU: any; } & { FSSAI: any; } & { Name: any; FNSKU: any; ASIN: any; }'.
components/views/AmazonPackingPlanView.tsx(1142,50): error TS2339: Property 'is_split' does not exist on type '{ item: any; } & { weight: any; } & { Qty: any; } & { "Packet Size": any; } & { FNSKU: any; } & { Status: any; } & { FNSKU: any; item: any; Status: any; }'.
components/views/AmazonPackingPlanView.tsx(1144,36): error TS2339: Property 'is_split' does not exist on type '{ item: any; } & { weight: any; } & { Qty: any; } & { "Packet Size": any; } & { FNSKU: any; } & { Status: any; } & { FNSKU: any; item: any; Status: any; }'.
components/views/FlipkartPackingPlanView.tsx(245,9): error TS2345: Argument of type 'FlipkartOrderItem[]' is not assignable to parameter of type '(OrderItem & { SKU?: string; sku?: string; })[]'.
  Type 'FlipkartOrderItem' is not assignable to type 'OrderItem & { SKU?: string; sku?: string; }'.
    Property 'ASIN' is missing in type 'FlipkartOrderItem' but required in type 'OrderItem'.
components/views/ManualPackingPlanView.tsx(66,68): error TS2339: Property 'items' does not exist on type 'ProcessedManualPlan'.
components/views/ManualPackingPlanView.tsx(111,28): error TS2698: Spread types may only be created from object types.
services/barcodeGenerator.ts(33,5): error TS2353: Object literal may only specify known properties, and 'textDistance' does not exist in type 'Options'.
services/combinedLabelGenerator.ts(47,17): error TS2345: Argument of type 'PDFPage' is not assignable to parameter of type 'PDFEmbeddedPage'.
  Type 'PDFPage' is missing the following properties from type 'PDFEmbeddedPage': width, height, alreadyEmbedded, embedder, and 2 more.
services/combinedLabelGenerator.ts(55,17): error TS2345: Argument of type 'PDFPage' is not assignable to parameter of type 'PDFEmbeddedPage'.
  Type 'PDFPage' is missing the following properties from type 'PDFEmbeddedPage': width, height, alreadyEmbedded, embedder, and 2 more.
services/combinedLabelGenerator.ts(67,14): error TS2353: Object literal may only specify known properties, and 'r' does not exist in type 'Color'.
services/combinedLabelGenerator.ts(112,19): error TS2345: Argument of type 'PDFPage' is not assignable to parameter of type 'PDFEmbeddedPage'.
  Type 'PDFPage' is missing the following properties from type 'PDFEmbeddedPage': width, height, alreadyEmbedded, embedder, and 2 more.
services/combinedLabelGenerator.ts(120,19): error TS2345: Argument of type 'PDFPage' is not assignable to parameter of type 'PDFEmbeddedPage'.
  Type 'PDFPage' is missing the following properties from type 'PDFEmbeddedPage': width, height, alreadyEmbedded, embedder, and 2 more.
services/combinedLabelGenerator.ts(179,19): error TS2345: Argument of type 'PDFPage' is not assignable to parameter of type 'PDFEmbeddedPage'.
  Type 'PDFPage' is missing the following properties from type 'PDFEmbeddedPage': width, height, alreadyEmbedded, embedder, and 2 more.
services/combinedLabelGenerator.ts(187,19): error TS2345: Argument of type 'PDFPage' is not assignable to parameter of type 'PDFEmbeddedPage'.
  Type 'PDFPage' is missing the following properties from type 'PDFEmbeddedPage': width, height, alreadyEmbedded, embedder, and 2 more.
services/combinedLabelGenerator.ts(199,16): error TS2353: Object literal may only specify known properties, and 'r' does not exist in type 'Color'.
services/flipkartSortedPdfGenerator.ts(528,30): error TS2345: Argument of type 'PDFPage' is not assignable to parameter of type 'PDFEmbeddedPage'.
  Type 'PDFPage' is missing the following properties from type 'PDFEmbeddedPage': width, height, alreadyEmbedded, embedder, and 2 more.
services/labelFormatter.ts(347,29): error TS2345: Argument of type 'PDFPage' is not assignable to parameter of type 'PDFEmbeddedPage'.
  Type 'PDFPage' is missing the following properties from type 'PDFEmbeddedPage': width, height, alreadyEmbedded, embedder, and 2 more.
services/labelFormatter.ts(379,29): error TS2345: Argument of type 'PDFPage' is not assignable to parameter of type 'PDFEmbeddedPage'.
  Type 'PDFPage' is missing the following properties from type 'PDFEmbeddedPage': width, height, alreadyEmbedded, embedder, and 2 more.
services/stockDataProcessor.ts(88,61): error TS2353: Object literal may only specify known properties, and 'header' does not exist in type 'ParsingOptions'.
